
***********************************************************************
                Oracle GoldenGate Capture for DB2 for i
      Version 12.3.0.1.2 OGGCORE_12.3.0.1.0_PLATFORMS_171208.0005
 IBM i, ppc, 64bit (optimized), IBM DB2 for i on Dec  8 2017 02:43:39
 
Copyright (C) 1995, 2017, Oracle and/or its affiliates. All rights reserved.


                    Starting at 2026-05-01 01:15:57
***********************************************************************

Operating System Version:
OS400
Version 7, Release 5
Node: AMEC400
Machine: 0078000D49B1
                         soft limit   hard limit
Address Space Size   :    unlimited    unlimited
Heap Size            :    unlimited    unlimited
File Size            :    unlimited    unlimited
CPU Time             :    unlimited    unlimited

Process id: 69175

Description: 

***********************************************************************
**            Running with the following parameters                  **
***********************************************************************

2026-05-01 01:15:57  INFO    OGG-03059  Operating system character set identified as US-ASCII.

2026-05-01 01:15:57  INFO    OGG-02695  ANSI SQL parameter syntax is used for parameter parsing.
EXTRACT EAS400YY
SOURCEDB S78356F0, USERID OGGUSER, PASSWORD ***

2026-05-01 01:15:59  INFO    OGG-03036  Database character set identified as UTF-8. Locale: en_US_POSIX.

2026-05-01 01:15:59  INFO    OGG-03037  Session character set identified as UTF-8.
EXTTRAIL ./dirdat/yy, FORMAT RELEASE 12.2
DISCARDFILE ./dirrpt/EAS400YY.dsc, PURGE
LOGALLSUPCOLS

2026-05-01 01:15:59  WARNING OGG-04033   LOGALLSUPCOLS has set the NOCOMPRESSDELETES and GETUPDATEBEFORES parameters on.
STATOPTIONS RESETREPORTSTATS
REPORTCOUNT EVERY 30 MINUTES, RATE
REPORT AT 00:00
REPORTROLLOVER AT 00:02 ON SUNDAY
TABLE SHOPF.F002KP;

2026-05-01 01:15:59  INFO    OGG-01851  filecaching started: thread ID: 1029.

2026-05-01 01:15:59  INFO    OGG-01815  Virtual Memory Facilities for: COM
    anon alloc: mmap(MAP_ANON)  anon free: munmap
    file alloc: mmap(MAP_SHARED)  file free: munmap
    target directories:
    /home/ogguser/oggos400/dirtmp.

2026-05-01 01:15:59  WARNING OGG-01842  CACHESIZE PER DYNAMIC DETERMINATION (32G) LESS THAN RECOMMENDED: 64G (64bit system)
vm found: 63.97G
Check swap space. Recommended swap/extract: 128G (64bit system).

Database Version:
AS
Version 07050
ODBC Version 3.00

Driver Information:
QSQCLI.SRVPGM
Version 07050
ODBC Version 3.00

2026-05-01 01:16:00  INFO    OGG-01055  Recovery initialization completed for target file ./dirdat/yy000000045, at RBA 158004244.

2026-05-01 01:16:00  INFO    OGG-01478  Output file ./dirdat/yy is using format RELEASE 12.2.

2026-05-01 01:16:04  INFO    OGG-01026  Rolling over remote file ./dirdat/yy000000045.

2026-05-01 01:16:04  INFO    OGG-01053  Recovery completed for target file ./dirdat/yy000000046, at RBA 1291.

2026-05-01 01:16:04  INFO    OGG-01057  Recovery completed for all targets.

2026-05-01 01:16:04  INFO    OGG-00182  VAM API running in single-threaded mode.

2026-05-01 01:16:04  INFO    OGG-01513  Positioning to 
       Journal               Receiver               Timestamp (UTC)          Sequence Number
    OGGLIB/F02JRN    |    OGGLIB/F02RCV1005|Apr 30 2026 13:37:48.943632|00000000000005361639
System Sequence Number: 12626724792847945729.
LOCAL Machine: AMEC400   32
REMOTE Machine: S78356F0   8

***********************************************************************
**                     Run Time Messages                             **
***********************************************************************


2026-05-01 01:16:05  INFO    OGG-01517  Position of first record processed 
       Journal               Receiver               Timestamp (UTC)          Sequence Number
    OGGLIB/F02JRN    |    OGGLIB/F02RCV1005|Apr 30 2026 15:32:23.560112|00000000000005361666
System Sequence Number: 12626752951277047809, Apr 30, 2026 10:32:23 PM.

2026-05-01 01:16:05  INFO    OGG-06507  MAP (TABLE) resolved (entry SHOPF.F002KP): TABLE "SHOPF"."F002KP".

2026-05-01 01:16:07  INFO    OGG-06509  Using the following key columns for source table SHOPF.F002KP: F02R01, F02R02.
                 959 records processed as of 2026-05-01 01:46:12 (rate 0,delta 0)
                1369 records processed as of 2026-05-01 02:16:59 (rate 0,delta 0)
                1657 records processed as of 2026-05-01 02:47:11 (rate 0,delta 0)
                1959 records processed as of 2026-05-01 03:17:40 (rate 0,delta 0)
                2023 records processed as of 2026-05-01 03:47:46 (rate 0,delta 0)
                2187 records processed as of 2026-05-01 04:20:44 (rate 0,delta 0)
                2261 records processed as of 2026-05-01 04:54:13 (rate 0,delta 0)
