
***********************************************************************
                Oracle GoldenGate Capture for DB2 for i
      Version 12.3.0.1.2 OGGCORE_12.3.0.1.0_PLATFORMS_171208.0005
 IBM i, ppc, 64bit (optimized), IBM DB2 for i on Dec  8 2017 02:43:39
 
Copyright (C) 1995, 2017, Oracle and/or its affiliates. All rights reserved.


                    Starting at 2026-09-01 00:49:22
***********************************************************************

Operating System Version:
OS400
Version 7, Release 5
Node: AMEC400
Machine: 0078000D49B1
                         soft limit   hard limit
Address Space Size   :    unlimited    unlimited
Heap Size            :    unlimited    unlimited
File Size            :    unlimited    unlimited
CPU Time             :    unlimited    unlimited

Process id: 218489

Description: 

***********************************************************************
**            Running with the following parameters                  **
***********************************************************************

2026-09-01 00:49:22  INFO    OGG-03059  Operating system character set identified as US-ASCII.

2026-09-01 00:49:22  INFO    OGG-02695  ANSI SQL parameter syntax is used for parameter parsing.
EXTRACT EAS400WW
SOURCEDB S78356F0, USERID OGGUSER, PASSWORD ***

2026-09-01 00:49:23  INFO    OGG-03036  Database character set identified as UTF-8. Locale: en_US_POSIX.

2026-09-01 00:49:23  INFO    OGG-03037  Session character set identified as UTF-8.
GETTRUNCATES
EXTTRAIL ./dirdat/ww,FORMAT RELEASE 12.2
DISCARDFILE ./dirrpt/EAS400WW.dsc, PURGE
STATOPTIONS RESETREPORTSTATS
REPORTCOUNT EVERY 30 MINUTES, RATE
REPORT AT 00:00
REPORTROLLOVER AT 00:02 ON SUNDAY
TABLE RTNLIBF.S010MP;
TABLE RTNLIBF.S001KP, KEYCOLS(S01K01,S01K02,S01K03,S01K04,S01K05);
TABLE RTNLIBF.PIDWEB, KEYCOLS(MFGORD ,BLOCK ,NAME,SEQ,VALUE);

2026-09-01 00:49:24  INFO    OGG-01851  filecaching started: thread ID: 1029.

2026-09-01 00:49:24  INFO    OGG-01815  Virtual Memory Facilities for: COM
    anon alloc: mmap(MAP_ANON)  anon free: munmap
    file alloc: mmap(MAP_SHARED)  file free: munmap
    target directories:
    /home/ogguser/oggos400/dirtmp.

2026-09-01 00:49:24  WARNING OGG-01842  CACHESIZE PER DYNAMIC DETERMINATION (32G) LESS THAN RECOMMENDED: 64G (64bit system)
vm found: 63.97G
Check swap space. Recommended swap/extract: 128G (64bit system).

Database Version:
AS
Version 07050
ODBC Version 3.00

Driver Information:
QSQCLI.SRVPGM
Version 07050
ODBC Version 3.00

2026-09-01 00:49:25  INFO    OGG-01055  Recovery initialization completed for target file ./dirdat/ww000000038, at RBA 309405290.

2026-09-01 00:49:25  INFO    OGG-01478  Output file ./dirdat/ww is using format RELEASE 12.2.

2026-09-01 00:49:29  INFO    OGG-01026  Rolling over remote file ./dirdat/ww000000038.

2026-09-01 00:49:29  INFO    OGG-01053  Recovery completed for target file ./dirdat/ww000000039, at RBA 1291.

2026-09-01 00:49:29  INFO    OGG-01057  Recovery completed for all targets.

2026-09-01 00:49:29  INFO    OGG-00182  VAM API running in single-threaded mode.

2026-09-01 00:49:29  INFO    OGG-01513  Positioning to 
       Journal               Receiver               Timestamp (UTC)          Sequence Number
    OGGLIB/OGGJRN    |    OGGLIB/OGGRCV2187|Aug 31 2026 13:31:10.582672|00000000000271758401
System Sequence Number: 12670252172361437185.
LOCAL Machine: AMEC400   32
REMOTE Machine: S78356F0   8

***********************************************************************
**                     Run Time Messages                             **
***********************************************************************


2026-09-01 00:49:31  INFO    OGG-01517  Position of first record processed 
       Journal               Receiver               Timestamp (UTC)          Sequence Number
    OGGLIB/OGGJRN    |    OGGLIB/OGGRCV2187|Aug 31 2026 15:35:31.427552|00000000000271758660
System Sequence Number: 12670282731982077953, Aug 31, 2026 10:35:31 PM.

2026-09-01 00:49:31  INFO    OGG-06507  MAP (TABLE) resolved (entry RTNLIBF.S010MP): TABLE "RTNLIBF"."S010MP".

2026-09-01 00:49:33  INFO    OGG-06509  Using the following key columns for source table RTNLIBF.S010MP: S01M01, S01M02, S01M03, S01M04, S01M05, S01M06, S01M07, S01M08, S01M09, S01M10, S01M11, S01M12, S01M13, S01M14, S01M15, S01M16, S01M17, S01M18, SDLDT, FILLER, S01M19, S01M20.
