
Opened new report file at 2026-04-26 00:02:01.


***********************************************************************
**                     Run Time Messages                             **
***********************************************************************


***********************************************************************
*                   ** Run Time Statistics **                         *
***********************************************************************


Report at 2026-04-27 00:00:00 (activity since 2026-04-26 00:00:00)

Output to ./dirdat/AS400/ka:

No records extracted.


***********************************************************************
**                     Run Time Warnings                             **
***********************************************************************

              219513 records processed as of 2026-04-27 07:55:04 (rate 0,delta 0)
              220575 records processed as of 2026-04-27 08:28:17 (rate 0,delta 0)
              220586 records processed as of 2026-04-27 08:58:50 (rate 0,delta 0)
              220625 records processed as of 2026-04-27 09:28:55 (rate 0,delta 0)
              220748 records processed as of 2026-04-27 09:59:40 (rate 0,delta 0)
              221239 records processed as of 2026-04-27 10:29:51 (rate 0,delta 0)
              222208 records processed as of 2026-04-27 11:01:01 (rate 0,delta 0)
              233899 records processed as of 2026-04-27 11:31:05 (rate 0,delta 6)
              235094 records processed as of 2026-04-27 12:32:38 (rate 0,delta 0)
              236873 records processed as of 2026-04-27 13:09:02 (rate 0,delta 0)
              237212 records processed as of 2026-04-27 13:39:20 (rate 0,delta 0)
              237687 records processed as of 2026-04-27 14:09:26 (rate 0,delta 0)
              238152 records processed as of 2026-04-27 14:41:33 (rate 0,delta 0)
              238495 records processed as of 2026-04-27 15:12:17 (rate 0,delta 0)
              238686 records processed as of 2026-04-27 15:43:48 (rate 0,delta 0)
              238846 records processed as of 2026-04-27 16:14:15 (rate 0,delta 0)
              239534 records processed as of 2026-04-27 16:44:16 (rate 0,delta 0)
              239779 records processed as of 2026-04-27 19:00:08 (rate 0,delta 0)
              239780 records processed as of 2026-04-27 21:39:30 (rate 0,delta 0)

***********************************************************************
*                   ** Run Time Statistics **                         *
***********************************************************************


Report at 2026-04-28 00:00:01 (activity since 2026-04-27 00:00:00)

Output to ./dirdat/AS400/ka:

From Table RTNLIBF.R002MP:
       #                   inserts:         0
       #                   updates:      1228
       #                   befores:      1228
       #                   deletes:         0
       #                  discards:         0
From Table RTNLIBF.R007MP:
       #                   inserts:        16
       #                   updates:         0
       #                   deletes:         7
       #                  discards:         0
From Table RTNLIBF.S007KP:
       #                   inserts:      1989
       #                   updates:         8
       #                   befores:         8
       #                   deletes:      1311
       #                  discards:         0
From Table RTNLIBF.S008KP:
       #                   inserts:       925
       #                   updates:         0
       #                   deletes:       180
       #                  discards:         0
From Table RTNLIBF.R003MP:
       #                   inserts:         1
       #                   updates:         0
       #                   deletes:         0
       #                  discards:         0
From Table RTNLIBF.S011MP:
       #                   inserts:      8275
       #                   updates:         0
       #                   deletes:        10
       #                  discards:         0
From Table RTNLIBF.M008KP:
       #                   inserts:       222
       #                   updates:        63
       #                   befores:        63
       #                   deletes:       151
       #                  discards:         0
From Table RTNLIBF.S020KP:
       #                   inserts:        57
       #                   updates:         0
       #                   deletes:         2
       #                  discards:         0
From Table RTNLIBF.M011KP:
       #                   inserts:      1644
       #                   updates:         0
       #                   deletes:         0
       #                  discards:         0
From Table RTNLIBF.S002KP:
       #                   inserts:      1018
       #                   updates:       918
       #                   befores:       918
       #                   deletes:        25
       #                  discards:         0
From Table RTNLIBF.R008MP:
       #                   inserts:         0
       #                   updates:         1
       #                   befores:         1
       #                   deletes:         0
       #                  discards:         0


***********************************************************************
**                     Run Time Warnings                             **
***********************************************************************

              239782 records processed as of 2026-04-28 01:53:02 (rate 0,delta 0)
              239783 records processed as of 2026-04-28 07:55:28 (rate 0,delta 0)
              240000 records processed as of 2026-04-28 08:25:33 (rate 0,delta 0)
              240255 records processed as of 2026-04-28 08:55:36 (rate 0,delta 0)
              240988 records processed as of 2026-04-28 09:26:02 (rate 0,delta 0)
              241488 records processed as of 2026-04-28 09:59:01 (rate 0,delta 0)
              242692 records processed as of 2026-04-28 10:29:13 (rate 0,delta 0)
              251133 records processed as of 2026-04-28 10:59:18 (rate 0,delta 4)
              251324 records processed as of 2026-04-28 11:33:07 (rate 0,delta 0)
              251652 records processed as of 2026-04-28 12:06:27 (rate 0,delta 0)
              253570 records processed as of 2026-04-28 12:40:24 (rate 0,delta 0)
              253956 records processed as of 2026-04-28 13:10:41 (rate 0,delta 0)
              254174 records processed as of 2026-04-28 13:43:16 (rate 0,delta 0)
              254548 records processed as of 2026-04-28 14:15:19 (rate 0,delta 0)
              255016 records processed as of 2026-04-28 14:45:26 (rate 0,delta 0)
              255096 records processed as of 2026-04-28 15:17:28 (rate 0,delta 0)
              255556 records processed as of 2026-04-28 15:47:29 (rate 0,delta 0)
              256403 records processed as of 2026-04-28 16:18:10 (rate 0,delta 0)
              257194 records processed as of 2026-04-28 16:51:07 (rate 0,delta 0)
              257345 records processed as of 2026-04-28 17:34:41 (rate 0,delta 0)
              257354 records processed as of 2026-04-28 18:09:20 (rate 0,delta 0)
              257454 records processed as of 2026-04-28 18:44:10 (rate 0,delta 0)
              257457 records processed as of 2026-04-28 21:40:04 (rate 0,delta 0)

***********************************************************************
*                   ** Run Time Statistics **                         *
***********************************************************************


Report at 2026-04-29 00:00:00 (activity since 2026-04-28 00:00:01)

Output to ./dirdat/AS400/ka:

From Table RTNLIBF.R002MP:
       #                   inserts:         0
       #                   updates:      1179
       #                   befores:      1179
       #                   deletes:         0
       #                  discards:         0
From Table RTNLIBF.R007MP:
       #                   inserts:        69
       #                   updates:         0
       #                   deletes:        38
       #                  discards:         0
From Table RTNLIBF.S007KP:
       #                   inserts:      2236
       #                   updates:         0
       #                   deletes:      1506
       #                  discards:         0
From Table RTNLIBF.S008KP:
       #                   inserts:      1033
       #                   updates:         0
       #                   deletes:       209
       #                  discards:         0
From Table RTNLIBF.R003MP:
       #                   inserts:         6
       #                   updates:         0
       #                   deletes:         0
       #                  discards:         0
From Table RTNLIBF.S011MP:
       #                   inserts:      6211
       #                   updates:         2
       #                   befores:         2
       #                   deletes:         7
       #                  discards:         0
From Table RTNLIBF.M008KP:
       #                   inserts:       243
       #                   updates:       112
       #                   befores:       112
       #                   deletes:       130
       #                  discards:         0
From Table RTNLIBF.S020KP:
       #                   inserts:        47
       #                   updates:         0
       #                   deletes:         0
       #                  discards:         0
From Table RTNLIBF.M011KP:
       #                   inserts:      1228
       #                   updates:         0
       #                   deletes:         0
       #                  discards:         0
From Table RTNLIBF.S002KP:
       #                   inserts:       860
       #                   updates:       626
       #                   befores:       626
       #                   deletes:        11
       #                  discards:         0
From Table RTNLIBF.R001MP:
       #                   inserts:         1
       #                   updates:         4
       #                   befores:         4
       #                   deletes:         0
       #                  discards:         0


***********************************************************************
**                     Run Time Warnings                             **
***********************************************************************

              257463 records processed as of 2026-04-29 07:52:02 (rate 0,delta 0)
              257690 records processed as of 2026-04-29 08:30:44 (rate 0,delta 0)
              257977 records processed as of 2026-04-29 09:02:15 (rate 0,delta 0)
              258292 records processed as of 2026-04-29 09:35:02 (rate 0,delta 0)
              258387 records processed as of 2026-04-29 10:05:11 (rate 0,delta 0)
              265730 records processed as of 2026-04-29 10:35:16 (rate 0,delta 4)
              268695 records processed as of 2026-04-29 11:05:20 (rate 0,delta 1)
              269287 records processed as of 2026-04-29 11:35:52 (rate 0,delta 0)
              270066 records processed as of 2026-04-29 12:28:42 (rate 0,delta 0)
              271862 records processed as of 2026-04-29 13:01:38 (rate 0,delta 0)
              273292 records processed as of 2026-04-29 13:40:02 (rate 0,delta 0)
              273739 records processed as of 2026-04-29 14:12:10 (rate 0,delta 0)
              274214 records processed as of 2026-04-29 14:42:46 (rate 0,delta 0)
              274362 records processed as of 2026-04-29 15:13:41 (rate 0,delta 0)
              274558 records processed as of 2026-04-29 15:43:42 (rate 0,delta 0)
              274891 records processed as of 2026-04-29 16:13:45 (rate 0,delta 0)
              275211 records processed as of 2026-04-29 16:44:08 (rate 0,delta 0)
              275743 records processed as of 2026-04-29 17:49:06 (rate 0,delta 0)
              275821 records processed as of 2026-04-29 18:19:32 (rate 0,delta 0)
              275887 records processed as of 2026-04-29 18:50:41 (rate 0,delta 0)

***********************************************************************
*                   ** Run Time Statistics **                         *
***********************************************************************


Report at 2026-04-30 00:00:00 (activity since 2026-04-29 00:00:00)

Output to ./dirdat/AS400/ka:

From Table RTNLIBF.R002MP:
       #                   inserts:         0
       #                   updates:      1220
       #                   befores:      1220
       #                   deletes:         0
       #                  discards:         0
From Table RTNLIBF.R007MP:
       #                   inserts:        34
       #                   updates:         0
       #                   deletes:         3
       #                  discards:         0
From Table RTNLIBF.S007KP:
       #                   inserts:      1132
       #                   updates:         4
       #                   befores:         4
       #                   deletes:       770
       #                  discards:         0
From Table RTNLIBF.S008KP:
       #                   inserts:       505
       #                   updates:         0
       #                   deletes:       130
       #                  discards:         0
From Table RTNLIBF.R003MP:
       #                   inserts:         5
       #                   updates:         0
       #                   deletes:         0
       #                  discards:         0
From Table RTNLIBF.S011MP:
       #                   inserts:      6977
       #                   updates:         0
       #                   deletes:         6
       #                  discards:         0
From Table RTNLIBF.M008KP:
       #                   inserts:       307
       #                   updates:        96
       #                   befores:        96
       #                   deletes:       196
       #                  discards:         0
From Table RTNLIBF.S020KP:
       #                   inserts:        21
       #                   updates:         0
       #                   deletes:         1
       #                  discards:         0
From Table RTNLIBF.M011KP:
       #                   inserts:      1361
       #                   updates:         0
       #                   deletes:         0
       #                  discards:         0
From Table RTNLIBF.S002KP:
       #                   inserts:      2027
       #                   updates:      1159
       #                   befores:      1159
       #                   deletes:        13
       #                  discards:         0
From Table RTNLIBF.R001MP:
       #                   inserts:         6
       #                   updates:         0
       #                   deletes:         0
       #                  discards:         0


***********************************************************************
**                     Run Time Warnings                             **
***********************************************************************

              275915 records processed as of 2026-04-30 07:55:10 (rate 0,delta 0)
              276119 records processed as of 2026-04-30 08:26:31 (rate 0,delta 0)
              277135 records processed as of 2026-04-30 08:56:32 (rate 0,delta 0)
              277952 records processed as of 2026-04-30 09:27:02 (rate 0,delta 0)
              278897 records processed as of 2026-04-30 09:57:06 (rate 0,delta 0)
              289057 records processed as of 2026-04-30 10:27:22 (rate 0,delta 5)
              289628 records processed as of 2026-04-30 10:59:58 (rate 0,delta 0)
              290306 records processed as of 2026-04-30 11:29:59 (rate 0,delta 0)
              291080 records processed as of 2026-04-30 12:28:02 (rate 0,delta 0)
              292919 records processed as of 2026-04-30 12:58:08 (rate 0,delta 1)
              293139 records processed as of 2026-04-30 13:29:13 (rate 0,delta 0)
              293308 records processed as of 2026-04-30 13:59:14 (rate 0,delta 0)
              293437 records processed as of 2026-04-30 14:30:05 (rate 0,delta 0)
              293590 records processed as of 2026-04-30 15:08:50 (rate 0,delta 0)
              293907 records processed as of 2026-04-30 15:40:03 (rate 0,delta 0)
              294158 records processed as of 2026-04-30 16:10:20 (rate 0,delta 0)
              294668 records processed as of 2026-04-30 18:06:29 (rate 0,delta 0)
              294690 records processed as of 2026-04-30 18:53:59 (rate 0,delta 0)

Source Context :
  SourceModule            : [gglib.ggtrail.LegacyTrailDataTarget]
  SourceID                : [/home/oggbuild/94110/OGGCORE_12.3.0.1.0_PLATFORMS_171208.0005_8764/oggcore/OpenSys/src/app/er/LegacyTrailDataTarget.cpp]
  SourceMethod            : [ggs::gglib::ggtrail::LegacyTrailDataTarget::complete_tcp_msg(extract_def *)]
  SourceLine              : [2073]

2026-04-30 20:40:17  ERROR   OGG-01224  TCP/IP error 42 (Protocol driver not attached), endpoint: 172.21.255.88:16032.

***********************************************************************
*                   ** Run Time Statistics **                         *
***********************************************************************


Report at 2026-04-30 20:40:17 (activity since 2026-04-30 00:00:00)

Output to ./dirdat/AS400/ka:

From Table RTNLIBF.R002MP:
       #                   inserts:         0
       #                   updates:      1319
       #                   befores:      1319
       #                   deletes:         0
       #                  discards:         0
From Table RTNLIBF.R007MP:
       #                   inserts:        72
       #                   updates:         1
       #                   befores:         1
       #                   deletes:        12
       #                  discards:         0
From Table RTNLIBF.S007KP:
       #                   inserts:      2199
       #                   updates:         4
       #                   befores:         4
       #                   deletes:      1449
       #                  discards:         0
From Table RTNLIBF.S008KP:
       #                   inserts:       950
       #                   updates:         0
       #                   deletes:       168
       #                  discards:         0
From Table RTNLIBF.R003MP:
       #                   inserts:         8
       #                   updates:         0
       #                   deletes:         0
       #                  discards:         0
From Table RTNLIBF.S011MP:
       #                   inserts:      7988
       #                   updates:         0
       #                   deletes:        10
       #                  discards:         0
From Table RTNLIBF.M008KP:
       #                   inserts:       204
       #                   updates:        50
       #                   befores:        50
       #                   deletes:       137
       #                  discards:         0
From Table RTNLIBF.S020KP:
       #                   inserts:        58
       #                   updates:         0
       #                   deletes:         1
       #                  discards:         0
From Table RTNLIBF.M011KP:
       #                   inserts:      1469
       #                   updates:         0
       #                   deletes:         0
       #                  discards:         0
From Table RTNLIBF.S002KP:
       #                   inserts:        38
       #                   updates:       631
       #                   befores:       631
       #                   deletes:        18
       #                  discards:         0


Last log location read:
     FILE:      /home/ogguser/oggos400/dirdat/kk000000231
     SEQNO:     231
     RBA:       51232307
     TIMESTAMP: Not Available
     EOF:       YES
     READERR:   400


2026-04-30 20:40:17  ERROR   OGG-01668  PROCESS ABENDING.

CACHE OBJECT MANAGER statistics

CACHE MANAGER VM USAGE
vm current     =      0    vm anon queues =      0 
vm anon in use =      0    vm file        =      0 
vm used max    =      0    cachesize      =     32G

CACHE CONFIGURATION
cache size            =  32G   cache force paging   =  48G
pageout eligible size =   8M   cache vm pageout max =  64M

================================================================================
RUNTIME STATS FOR SUPERPOOL

Note: CACHE objects are often but not always proxies for transactions

CACHE Object Stats
objects active  =      0    max concurrent =      0 
non-zero total  =      0    objects total  =      0 

CACHE File Caching
filecache rqsts        =      0    bytes to disk      =      0 
file retrieves         =      0    objs filecached    =      0 
queue entries          =      0    queue processed    =      0 
queue entry not needed =      0    queue not signaled =      0 
fc requesting obj      =      0 

CACHE MANAGEMENT
buffer links   =      0   anon gets   =      0 
forced unmaps  =      0   cnnbl try   =      0 
cached out     =      0 

Allocation Request Distribution
< 128B:       0 
 128B:        0         0     | 512B:        0         0 
   2K:        0         0     |   8K:        0         0 
  32K:        0         0     | 128K:        0         0 
 512K:        0         0     |   2M:        0         0 
   8M:        0         0     |  32M:        0         0 
 128M:        0         0     | 512M:        0         0 
   2G:        0         0 

Cached Object Size Distribution
    0:        0 
 < 4K:        0 
   4K:        0         0     |  16K:        0         0 
  64K:        0         0     | 256K:        0         0 
   1M:        0         0     |   4M:        0         0 
  16M:        0         0     |  64M:        0         0 
 256M:        0         0     |   1G:        0         0 
   4G:        0         0     |  16G:        0         0 
  64G:        0         0     | 256G:        0         0 
   1T:        0         0     |   4T:        0         0 
  16T:        0         0     |  64T:        0         0 
 256T:        0         0     |1024T:        0         0 

================================================================================
CUMULATIVE STATS FOR SUPERPOOL (PREVIOUS RUNS ONLY)

Note: CACHE objects are often but not always proxies for transactions

CACHE Object Stats
objects active  =      0    max concurrent =      0 
non-zero total  =      0    objects total  =      0 

CACHE File Caching
filecache rqsts        =      0    bytes to disk      =      0 
file retrieves         =      0    objs filecached    =      0 
queue entries          =      0    queue processed    =      0 
queue entry not needed =      0    queue not signaled =      0 
fc requesting obj      =      0 

CACHE MANAGEMENT
buffer links   =      0   anon gets   =      0 
forced unmaps  =      0   cnnbl try   =      0 
cached out     =      0 

Allocation Request Distribution
< 128B:       0 
 128B:        0         0     | 512B:        0         0 
   2K:        0         0     |   8K:        0         0 
  32K:        0         0     | 128K:        0         0 
 512K:        0         0     |   2M:        0         0 
   8M:        0         0     |  32M:        0         0 
 128M:        0         0     | 512M:        0         0 
   2G:        0         0 

Cached Object Size Distribution
    0:        0 
 < 4K:        0 
   4K:        0         0     |  16K:        0         0 
  64K:        0         0     | 256K:        0         0 
   1M:        0         0     |   4M:        0         0 
  16M:        0         0     |  64M:        0         0 
 256M:        0         0     |   1G:        0         0 
   4G:        0         0     |  16G:        0         0 
  64G:        0         0     | 256G:        0         0 
   1T:        0         0     |   4T:        0         0 
  16T:        0         0     |  64T:        0         0 
 256T:        0         0     |1024T:        0         0 


QUEUE Statistics
num queues =     14     q hits =      0      q misses =      0 

queue size  q hits  curlen  maxlen     cannibalized
  0   64K      0       0       0       0 
  1  128K      0       0       0       0 
  2  256K      0       0       0       0 
  3  512K      0       0       0       0 
  4    1M      0       0       0       0 
  5    2M      0       0       0       0 
  6    4M      0       0       0       0 
  7    8M      0       0       0       0 
  8   16M      0       0       0       0 
  9   32M      0       0       0       0 
 10   64M      0       0       0       0 
 11  128M      0       0       0       0 
 12  256M      0       0       0       0 
 13  512M      0       0       0       0 

================================================================================
RUNTIME STATS FOR CACHE POOL #0
POOL INFO   group: PAS400KA  id: p39809_BLOB  instance: 0  tid: 0
objects active =        0   objects concurrent (max) =     0 
objects total  =        0   (0 )
flag           = 0x000000030
last error     = (0=<none>)

Allocation Request Distribution
< 128B:       0 
 128B:        0         0     | 512B:        0         0 
   2K:        0         0     |   8K:        0         0 
  32K:        0         0     | 128K:        0         0 
 512K:        0         0     |   2M:        0         0 
   8M:        0         0     |  32M:        0         0 
 128M:        0         0     | 512M:        0         0 
   2G:        0         0 

================================================================================
CUMULATIVE STATS FOR CACHE POOL #0 (PREVIOUS RUNS ONLY)
POOL INFO   group: PAS400KA  id: p39809_BLOB  instance: 0  tid: 0
objects active =        0   objects concurrent (max) =     0 
objects total  =        0   (0 )
flag           = 0x000000030
last error     = (0=<none>)

Allocation Request Distribution
< 128B:       0 
 128B:        0         0     | 512B:        0         0 
   2K:        0         0     |   8K:        0         0 
  32K:        0         0     | 128K:        0         0 
 512K:        0         0     |   2M:        0         0 
   8M:        0         0     |  32M:        0         0 
 128M:        0         0     | 512M:        0         0 
   2G:        0         0 

